<?xml version="1.0" encoding="UTF-8"?>
<testsuites name="jest tests" tests="30" failures="0" errors="0" time="446.106">
  <testsuites name="E2E Mobile Tests" tests="30" failures="0" errors="0" time="446.106">
    <testsuite name="e2e/specs/swaps/swap-action-smoke.spec.ts" errors="0" failures="0" skipped="1" timestamp="2025-07-28T07:26:03" time="175.304" tests="2">
      <testcase classname="e2e/specs/swaps/swap-action-smoke.spec.ts" name="Trade: Swap from Actions should swap token &apos;ETH&apos; to &apos;USDC&apos; on chainID=&apos;0x1&apos;" time="85.333" file="e2e/specs/swaps/swap-action-smoke.spec.ts">
      </testcase>
      <testcase classname="e2e/specs/swaps/swap-action-smoke.spec.ts" name="Trade: Swap from Actions should validate segment/metametric events for a successful swap" time="0" file="e2e/specs/swaps/swap-action-smoke.spec.ts">
        <skipped/>
      </testcase>
    </testsuite>
  <testsuite name="e2e/specs/stake/stake-action-smoke.spec.ts" errors="0" failures="0" skipped="8" timestamp="2025-07-28T07:28:59" time="11.278" tests="8">
      <testcase classname="e2e/specs/stake/stake-action-smoke.spec.ts" name="Trade: Stake from Actions should be able to import stake test account with funds" time="0" file="e2e/specs/stake/stake-action-smoke.spec.ts">
        <skipped/>
      </testcase>
      <testcase classname="e2e/specs/stake/stake-action-smoke.spec.ts" name="Trade: Stake from Actions should send ETH to new account" time="0" file="e2e/specs/stake/stake-action-smoke.spec.ts">
        <skipped/>
      </testcase>
      <testcase classname="e2e/specs/stake/stake-action-smoke.spec.ts" name="Trade: Stake from Actions should be able to import the new funded account" time="0" file="e2e/specs/stake/stake-action-smoke.spec.ts">
        <skipped/>
      </testcase>
      <testcase classname="e2e/specs/stake/stake-action-smoke.spec.ts" name="Trade: Stake from Actions should Stake ETH" time="0" file="e2e/specs/stake/stake-action-smoke.spec.ts">
        <skipped/>
      </testcase>
      <testcase classname="e2e/specs/stake/stake-action-smoke.spec.ts" name="Trade: Stake from Actions should Stake more ETH" time="0" file="e2e/specs/stake/stake-action-smoke.spec.ts">
        <skipped/>
      </testcase>
      <testcase classname="e2e/specs/stake/stake-action-smoke.spec.ts" name="Trade: Stake from Actions should Unstake ETH" time="0" file="e2e/specs/stake/stake-action-smoke.spec.ts">
        <skipped/>
      </testcase>
      <testcase classname="e2e/specs/stake/stake-action-smoke.spec.ts" name="Trade: Stake from Actions should make sure staking actions are hidden for ETH assets that are not on main" time="0" file="e2e/specs/stake/stake-action-smoke.spec.ts">
        <skipped/>
      </testcase>
      <testcase classname="e2e/specs/stake/stake-action-smoke.spec.ts" name="Trade: Stake from Actions should Stake Claim ETH" time="0" file="e2e/specs/stake/stake-action-smoke.spec.ts">
        <skipped/>
      </testcase>
    </testsuite>
  <testsuite name="e2e/specs/ramps/onramp.spec.js" errors="0" failures="0" skipped="0" timestamp="2025-07-28T07:26:03" time="190.149" tests="5">
      <testcase classname="e2e/specs/ramps/onramp.spec.js" name="Trade: Onramp quote build screen should get to the Amount to buy screen, after selecting Get Started" time="58.792" file="e2e/specs/ramps/onramp.spec.js">
      </testcase>
      <testcase classname="e2e/specs/ramps/onramp.spec.js" name="Trade: Onramp quote build screen should skip to the Amount to buy screen for returning user" time="7.386" file="e2e/specs/ramps/onramp.spec.js">
      </testcase>
      <testcase classname="e2e/specs/ramps/onramp.spec.js" name="Trade: Onramp quote build screen should enter amount and show quotes" time="55.99" file="e2e/specs/ramps/onramp.spec.js">
      </testcase>
      <testcase classname="e2e/specs/ramps/onramp.spec.js" name="Trade: Onramp quote build screen should expand the quotes section and select a provider" time="2.166" file="e2e/specs/ramps/onramp.spec.js">
      </testcase>
      <testcase classname="e2e/specs/ramps/onramp.spec.js" name="Trade: Onramp quote build screen should validate segment/metametric events for a successful onramp flow" time="0.404" file="e2e/specs/ramps/onramp.spec.js">
      </testcase>
    </testsuite>
  <testsuite name="e2e/specs/ramps/offramp.spec.js" errors="0" failures="0" skipped="0" timestamp="2025-07-28T07:29:11" time="63.992" tests="4">
      <testcase classname="e2e/specs/ramps/offramp.spec.js" name="Trade: Off-Ramp should get to the Amount to sell screen, after selecting Get Started" time="12.464" file="e2e/specs/ramps/offramp.spec.js">
      </testcase>
      <testcase classname="e2e/specs/ramps/offramp.spec.js" name="Trade: Off-Ramp should show quotes" time="24.198" file="e2e/specs/ramps/offramp.spec.js">
      </testcase>
      <testcase classname="e2e/specs/ramps/offramp.spec.js" name="Trade: Off-Ramp should expand the quotes section" time="1.814" file="e2e/specs/ramps/offramp.spec.js">
      </testcase>
      <testcase classname="e2e/specs/ramps/offramp.spec.js" name="Trade: Off-Ramp should validate segment/metametric events for a successful offramp flow" time="0.657" file="e2e/specs/ramps/offramp.spec.js">
      </testcase>
    </testsuite>
  <testsuite name="e2e/specs/ramps/ramps-account-switch.spec.ts" errors="0" failures="0" skipped="0" timestamp="2025-07-28T07:30:15" time="135.252" tests="3">
      <testcase classname="e2e/specs/ramps/ramps-account-switch.spec.ts" name="Trade: Ramps with Account Switching should navigate to buy page and switch accounts" time="39.595" file="e2e/specs/ramps/ramps-account-switch.spec.ts">
      </testcase>
      <testcase classname="e2e/specs/ramps/ramps-account-switch.spec.ts" name="Trade: Ramps with Account Switching should navigate to sell page and switch accounts" time="36.24" file="e2e/specs/ramps/ramps-account-switch.spec.ts">
      </testcase>
      <testcase classname="e2e/specs/ramps/ramps-account-switch.spec.ts" name="Trade: Ramps with Account Switching should maintain account selection across ramp flows" time="52.029" file="e2e/specs/ramps/ramps-account-switch.spec.ts">
      </testcase>
    </testsuite>
  <testsuite name="e2e/specs/ramps/onramp-parameters.spec.js" errors="0" failures="0" skipped="0" timestamp="2025-07-28T07:29:14" time="205.884" tests="5">
      <testcase classname="e2e/specs/ramps/onramp-parameters.spec.js" name="Trade: On-Ramp Parameters should select currency and verify display" time="56.364" file="e2e/specs/ramps/onramp-parameters.spec.js">
      </testcase>
      <testcase classname="e2e/specs/ramps/onramp-parameters.spec.js" name="Trade: On-Ramp Parameters should select token and verify display" time="45.638" file="e2e/specs/ramps/onramp-parameters.spec.js">
      </testcase>
      <testcase classname="e2e/specs/ramps/onramp-parameters.spec.js" name="Trade: On-Ramp Parameters should select region and verify display" time="55.451" file="e2e/specs/ramps/onramp-parameters.spec.js">
      </testcase>
      <testcase classname="e2e/specs/ramps/onramp-parameters.spec.js" name="Trade: On-Ramp Parameters should select payment method and verify display" time="40.887" file="e2e/specs/ramps/onramp-parameters.spec.js">
      </testcase>
      <testcase classname="e2e/specs/ramps/onramp-parameters.spec.js" name="Trade: On-Ramp Parameters should validate segment/metametric events for a successful onramp flow (parameters)" time="0.427" file="e2e/specs/ramps/onramp-parameters.spec.js">
      </testcase>
    </testsuite>
  <testsuite name="e2e/specs/ramps/offramp-cashout.spec.js" errors="0" failures="0" skipped="0" timestamp="2025-07-28T07:32:31" time="39.283" tests="2">
      <testcase classname="e2e/specs/ramps/offramp-cashout.spec.js" name="Trade: Off-Ramp Cashout destination should change cashout destination" time="31.728" file="e2e/specs/ramps/offramp-cashout.spec.js">
      </testcase>
      <testcase classname="e2e/specs/ramps/offramp-cashout.spec.js" name="Trade: Off-Ramp Cashout destination should validate segment/metametric events for a successful offramp flow (cashout)" time="0.385" file="e2e/specs/ramps/offramp-cashout.spec.js">
      </testcase>
    </testsuite>
  <testsuite name="e2e/specs/ramps/onramp-limits.spec.js" errors="0" failures="0" skipped="0" timestamp="2025-07-28T07:32:41" time="47.163" tests="1">
      <testcase classname="e2e/specs/ramps/onramp-limits.spec.js" name="Trade: On-Ramp Limits should check order min and maxlimits" time="40.69" file="e2e/specs/ramps/onramp-limits.spec.js">
      </testcase>
    </testsuite>
</testsuites>